// Jest Snapshot v1, https://goo.gl/fbAQLP

exports[`Inventory groups role Add permissions to group renders without failing 1`] = `
<DocumentFragment>
  <div
    class="pf-v5-l-grid pf-m-gutter"
  >
    <div
      class="pf-v5-l-grid__item pf-m-6-col-on-md pf-m-3-col-on-lg rbac-m-hide-on-sm"
    >
      <h4
        class="rbac-bold-text pf-v5-u-mt-sm"
        data-ouia-component-id="OUIA-Generated-Text-1"
        data-ouia-component-type="PF5/Text"
        data-ouia-safe="true"
        data-pf-content="true"
      >
        Permissions
      </h4>
    </div>
    <div
      class="pf-v5-l-grid__item pf-m-6-col-on-md pf-m-9-col-on-lg rbac-m-hide-on-sm"
    >
      <h4
        class="rbac-bold-text pf-v5-u-mt-sm"
        data-ouia-component-id="OUIA-Generated-Text-2"
        data-ouia-component-type="PF5/Text"
        data-ouia-safe="true"
        data-pf-content="true"
      >
        Group definition
      </h4>
    </div>
    <div
      class="pf-v5-l-grid"
    >
      <div
        class="pf-v5-l-grid__item pf-m-4-col-on-sm pf-m-3-col-on-md pf-m-3-col-on-lg"
      >
        <div
          class="pf-v5-c-form__group"
        >
          <div
            class="pf-v5-c-form__group-label"
          >
            <label
              class="pf-v5-c-form__label"
            >
              <span
                class="pf-v5-c-form__label-text"
              >
                hosts:read
              </span>
              <span
                aria-hidden="true"
                class="pf-v5-c-form__label-required"
              >
                 *
              </span>
            </label>
             
          </div>
          <div
            class="pf-v5-c-form__group-control"
          />
        </div>
      </div>
      <div
        class="pf-v5-l-grid__item pf-m-5-col-on-sm pf-m-6-col-on-md pf-m-7-col-on-lg"
      >
        <div
          style="display: contents;"
        >
          <div
            class="pf-v5-c-select rbac-m-resource-type-select"
            data-ouia-component-id="OUIA-Generated-Select-checkbox-1"
            data-ouia-component-type="PF5/Select"
            data-ouia-safe="true"
          >
            <div
              class="pf-v5-c-select__toggle pf-m-typeahead"
            >
              <div
                class="pf-v5-c-select__toggle-wrapper"
              >
                <span
                  class="pf-v5-c-select__toggle-text"
                >
                  Select groups
                </span>
              </div>
              <button
                aria-expanded="false"
                aria-label="Options menu"
                aria-labelledby="inventory:hosts:read pf-select-toggle-id-0"
                class="pf-v5-c-button pf-v5-c-select__toggle-button pf-m-plain"
                id="pf-select-toggle-id-0"
                type="button"
              >
                <svg
                  aria-hidden="true"
                  class="pf-v5-svg pf-v5-c-select__toggle-arrow"
                  fill="currentColor"
                  height="1em"
                  role="img"
                  viewBox="0 0 320 512"
                  width="1em"
                >
                  <path
                    d="M31.3 192h257.3c17.8 0 26.7 21.5 14.1 34.1L174.1 354.8c-7.8 7.8-20.5 7.8-28.3 0L17.2 226.1C4.6 213.5 13.5 192 31.3 192z"
                  />
                </svg>
              </button>
            </div>
          </div>
        </div>
      </div>
      <div
        class="pf-v5-l-grid__item pf-m-2-col-on-sm pf-m-4-col-on-md pf-m-2-col-on-lg"
      >
        <button
          aria-disabled="false"
          class="pf-v5-c-button pf-m-link"
          data-ouia-component-id="OUIA-Generated-Button-link-1"
          data-ouia-component-type="PF5/Button"
          data-ouia-safe="true"
          type="button"
        >
          Copy to all
        </button>
      </div>
    </div>
    <div
      class="pf-v5-l-grid"
    >
      <div
        class="pf-v5-l-grid__item pf-m-4-col-on-sm pf-m-3-col-on-md pf-m-3-col-on-lg"
      >
        <div
          class="pf-v5-c-form__group"
        >
          <div
            class="pf-v5-c-form__group-label"
          >
            <label
              class="pf-v5-c-form__label"
            >
              <span
                class="pf-v5-c-form__label-text"
              >
                groups:write
              </span>
              <span
                aria-hidden="true"
                class="pf-v5-c-form__label-required"
              >
                 *
              </span>
            </label>
             
          </div>
          <div
            class="pf-v5-c-form__group-control"
          />
        </div>
      </div>
      <div
        class="pf-v5-l-grid__item pf-m-5-col-on-sm pf-m-6-col-on-md pf-m-7-col-on-lg"
      >
        <div
          style="display: contents;"
        >
          <div
            class="pf-v5-c-select rbac-m-resource-type-select"
            data-ouia-component-id="OUIA-Generated-Select-checkbox-2"
            data-ouia-component-type="PF5/Select"
            data-ouia-safe="true"
          >
            <div
              class="pf-v5-c-select__toggle pf-m-typeahead"
            >
              <div
                class="pf-v5-c-select__toggle-wrapper"
              >
                <span
                  class="pf-v5-c-select__toggle-text"
                >
                  Select groups
                </span>
              </div>
              <button
                aria-expanded="false"
                aria-label="Options menu"
                aria-labelledby="inventory:groups:write pf-select-toggle-id-1"
                class="pf-v5-c-button pf-v5-c-select__toggle-button pf-m-plain"
                id="pf-select-toggle-id-1"
                type="button"
              >
                <svg
                  aria-hidden="true"
                  class="pf-v5-svg pf-v5-c-select__toggle-arrow"
                  fill="currentColor"
                  height="1em"
                  role="img"
                  viewBox="0 0 320 512"
                  width="1em"
                >
                  <path
                    d="M31.3 192h257.3c17.8 0 26.7 21.5 14.1 34.1L174.1 354.8c-7.8 7.8-20.5 7.8-28.3 0L17.2 226.1C4.6 213.5 13.5 192 31.3 192z"
                  />
                </svg>
              </button>
            </div>
          </div>
        </div>
      </div>
      <div
        class="pf-v5-l-grid__item pf-m-2-col-on-sm pf-m-4-col-on-md pf-m-2-col-on-lg"
      />
    </div>
  </div>
</DocumentFragment>
`;
