// Jest Snapshot v1, https://goo.gl/fbAQLP

exports[`RoleResourceDefinitions should render resource definitions table 1`] = `
<table
  aria-label="resources table"
  class="pf-v5-c-table pf-m-grid-md pf-m-compact"
  data-ouia-component-id="OUIA-Generated-Table-2"
  data-ouia-component-type="PF5/Table"
  data-ouia-safe="true"
  role="grid"
>
  <tbody
    class="pf-v5-c-table__tbody"
    role="rowgroup"
  >
    <tr
      class="pf-v5-c-table__tr"
      data-ouia-component-id="OUIA-Generated-TableRow-1"
      data-ouia-component-type="PF5/TableRow"
      data-ouia-safe="true"
    >
      <td
        class="pf-v5-c-table__td"
        data-key="0"
        data-label="column-0"
        tabindex="-1"
      >
        test
      </td>
    </tr>
    <tr
      class="pf-v5-c-table__tr"
      data-ouia-component-id="OUIA-Generated-TableRow-2"
      data-ouia-component-type="PF5/TableRow"
      data-ouia-safe="true"
    >
      <td
        class="pf-v5-c-table__td"
        data-key="0"
        data-label="column-0"
        tabindex="-1"
      >
        test
      </td>
    </tr>
    <tr
      class="pf-v5-c-table__tr"
      data-ouia-component-id="OUIA-Generated-TableRow-3"
      data-ouia-component-type="PF5/TableRow"
      data-ouia-safe="true"
    >
      <td
        class="pf-v5-c-table__td"
        data-key="0"
        data-label="column-0"
        tabindex="-1"
      >
        test
      </td>
    </tr>
    <tr
      class="pf-v5-c-table__tr"
      data-ouia-component-id="OUIA-Generated-TableRow-4"
      data-ouia-component-type="PF5/TableRow"
      data-ouia-safe="true"
    >
      <td
        class="pf-v5-c-table__td"
        data-key="0"
        data-label="column-0"
        tabindex="-1"
      >
        test
      </td>
    </tr>
    <tr
      class="pf-v5-c-table__tr"
      data-ouia-component-id="OUIA-Generated-TableRow-5"
      data-ouia-component-type="PF5/TableRow"
      data-ouia-safe="true"
    >
      <td
        class="pf-v5-c-table__td"
        data-key="0"
        data-label="column-0"
        tabindex="-1"
      >
        test
      </td>
    </tr>
    <tr
      class="pf-v5-c-table__tr"
      data-ouia-component-id="OUIA-Generated-TableRow-6"
      data-ouia-component-type="PF5/TableRow"
      data-ouia-safe="true"
    >
      <td
        class="pf-v5-c-table__td"
        data-key="0"
        data-label="column-0"
        tabindex="-1"
      >
        test
      </td>
    </tr>
    <tr
      class="pf-v5-c-table__tr"
      data-ouia-component-id="OUIA-Generated-TableRow-7"
      data-ouia-component-type="PF5/TableRow"
      data-ouia-safe="true"
    >
      <td
        class="pf-v5-c-table__td"
        data-key="0"
        data-label="column-0"
        tabindex="-1"
      >
        test
      </td>
    </tr>
    <tr
      class="pf-v5-c-table__tr"
      data-ouia-component-id="OUIA-Generated-TableRow-8"
      data-ouia-component-type="PF5/TableRow"
      data-ouia-safe="true"
    >
      <td
        class="pf-v5-c-table__td"
        data-key="0"
        data-label="column-0"
        tabindex="-1"
      >
        test
      </td>
    </tr>
    <tr
      class="pf-v5-c-table__tr"
      data-ouia-component-id="OUIA-Generated-TableRow-9"
      data-ouia-component-type="PF5/TableRow"
      data-ouia-safe="true"
    >
      <td
        class="pf-v5-c-table__td"
        data-key="0"
        data-label="column-0"
        tabindex="-1"
      >
        test
      </td>
    </tr>
    <tr
      class="pf-v5-c-table__tr"
      data-ouia-component-id="OUIA-Generated-TableRow-10"
      data-ouia-component-type="PF5/TableRow"
      data-ouia-safe="true"
    >
      <td
        class="pf-v5-c-table__td"
        data-key="0"
        data-label="column-0"
        tabindex="-1"
      >
        test
      </td>
    </tr>
    <tr
      class="pf-v5-c-table__tr"
      data-ouia-component-id="OUIA-Generated-TableRow-11"
      data-ouia-component-type="PF5/TableRow"
      data-ouia-safe="true"
    >
      <td
        class="pf-v5-c-table__td"
        data-key="0"
        data-label="column-0"
        tabindex="-1"
      >
        test
      </td>
    </tr>
    <tr
      class="pf-v5-c-table__tr"
      data-ouia-component-id="OUIA-Generated-TableRow-12"
      data-ouia-component-type="PF5/TableRow"
      data-ouia-safe="true"
    >
      <td
        class="pf-v5-c-table__td"
        data-key="0"
        data-label="column-0"
        tabindex="-1"
      >
        test
      </td>
    </tr>
    <tr
      class="pf-v5-c-table__tr"
      data-ouia-component-id="OUIA-Generated-TableRow-13"
      data-ouia-component-type="PF5/TableRow"
      data-ouia-safe="true"
    >
      <td
        class="pf-v5-c-table__td"
        data-key="0"
        data-label="column-0"
        tabindex="-1"
      >
        test
      </td>
    </tr>
    <tr
      class="pf-v5-c-table__tr"
      data-ouia-component-id="OUIA-Generated-TableRow-14"
      data-ouia-component-type="PF5/TableRow"
      data-ouia-safe="true"
    >
      <td
        class="pf-v5-c-table__td"
        data-key="0"
        data-label="column-0"
        tabindex="-1"
      >
        test
      </td>
    </tr>
    <tr
      class="pf-v5-c-table__tr"
      data-ouia-component-id="OUIA-Generated-TableRow-15"
      data-ouia-component-type="PF5/TableRow"
      data-ouia-safe="true"
    >
      <td
        class="pf-v5-c-table__td"
        data-key="0"
        data-label="column-0"
        tabindex="-1"
      >
        test
      </td>
    </tr>
    <tr
      class="pf-v5-c-table__tr"
      data-ouia-component-id="OUIA-Generated-TableRow-16"
      data-ouia-component-type="PF5/TableRow"
      data-ouia-safe="true"
    >
      <td
        class="pf-v5-c-table__td"
        data-key="0"
        data-label="column-0"
        tabindex="-1"
      >
        test
      </td>
    </tr>
    <tr
      class="pf-v5-c-table__tr"
      data-ouia-component-id="OUIA-Generated-TableRow-17"
      data-ouia-component-type="PF5/TableRow"
      data-ouia-safe="true"
    >
      <td
        class="pf-v5-c-table__td"
        data-key="0"
        data-label="column-0"
        tabindex="-1"
      >
        test
      </td>
    </tr>
    <tr
      class="pf-v5-c-table__tr"
      data-ouia-component-id="OUIA-Generated-TableRow-18"
      data-ouia-component-type="PF5/TableRow"
      data-ouia-safe="true"
    >
      <td
        class="pf-v5-c-table__td"
        data-key="0"
        data-label="column-0"
        tabindex="-1"
      >
        test
      </td>
    </tr>
    <tr
      class="pf-v5-c-table__tr"
      data-ouia-component-id="OUIA-Generated-TableRow-19"
      data-ouia-component-type="PF5/TableRow"
      data-ouia-safe="true"
    >
      <td
        class="pf-v5-c-table__td"
        data-key="0"
        data-label="column-0"
        tabindex="-1"
      >
        test
      </td>
    </tr>
    <tr
      class="pf-v5-c-table__tr"
      data-ouia-component-id="OUIA-Generated-TableRow-20"
      data-ouia-component-type="PF5/TableRow"
      data-ouia-safe="true"
    >
      <td
        class="pf-v5-c-table__td"
        data-key="0"
        data-label="column-0"
        tabindex="-1"
      >
        test
      </td>
    </tr>
  </tbody>
</table>
`;
