// Jest Snapshot v1, https://goo.gl/fbAQLP

exports[`<Groups /> should render group list correctly 1`] = `
<div>
  <div
    class="pf-v5-l-stack rbac-c-groups"
  >
    <div
      class="pf-v5-l-stack__item"
    >
      <section
        class="rbac-page-header pf-v5-l-page-header pf-v5-c-page-header pf-v5-l-page__main-section pf-v5-c-page__main-section pf-m-light"
        widget-type="InsightsPageHeader"
      >
        <div
          class="pf-v5-l-flex"
        >
          <div
            class="pf-v5-u-mb-sm"
          >
            <h1
              class="pf-v5-c-title pf-m-2xl rbac-page-header__title"
              data-ouia-component-id="OUIA-Generated-Title-1"
              data-ouia-component-type="PF5/Title"
              data-ouia-safe="true"
              widget-type="InsightsPageHeaderTitle"
            >
              Groups
            </h1>
          </div>
          <div
            class=""
          />
        </div>
      </section>
    </div>
    <div
      class="pf-v5-l-stack__item"
    >
      <section
        class="ins-l-content"
        id="tab-groups"
      >
         
        <div
          class="pf-v5-c-toolbar  ins-c-primary-toolbar"
          data-ouia-component-id="PrimaryToolbar"
          data-ouia-component-type="PF5/Toolbar"
          data-ouia-safe="true"
          id="ins-primary-data-toolbar"
        >
          <div
            class="pf-v5-c-toolbar__content"
          >
            <div
              class="pf-v5-c-toolbar__content-section"
            >
              <div
                class="pf-v5-c-toolbar__group pf-m-filter-group ins-c-primary-toolbar__group-filter pf-m-spacer-md pf-m-space-items-lg"
              >
                <div
                  class="pf-v5-c-toolbar__item ins-c-primary-toolbar__filter"
                >
                  <div
                    class="pf-v5-l-split ins-c-conditional-filter"
                  >
                    <div
                      class="pf-v5-l-split__item pf-m-fill"
                    >
                      <span
                        class="pf-v5-c-form-control pf-m-icon ins-c-conditional-filter"
                      >
                        <input
                          aria-invalid="false"
                          aria-label="text input"
                          data-ouia-component-id="ConditionalFilter"
                          data-ouia-component-type="PF5/TextInput"
                          data-ouia-safe="true"
                          id="filter-by-string"
                          placeholder="Filter by {key}"
                          type="text"
                          value=""
                          widget-type="InsightsInput"
                        />
                        <span
                          class="pf-v5-c-form-control__utilities"
                        >
                          <span
                            class="pf-v5-c-form-control__icon"
                          >
                            <span
                              class="pf-v5-c-icon pf-m-md ins-c-search-icon"
                            >
                              <span
                                class="pf-v5-c-icon__content"
                              >
                                <svg
                                  aria-hidden="true"
                                  class="pf-v5-svg"
                                  fill="currentColor"
                                  height="1em"
                                  role="img"
                                  viewBox="0 0 512 512"
                                  width="1em"
                                >
                                  <path
                                    d="M505 442.7L405.3 343c-4.5-4.5-10.6-7-17-7H372c27.6-35.3 44-79.7 44-128C416 93.1 322.9 0 208 0S0 93.1 0 208s93.1 208 208 208c48.3 0 92.7-16.4 128-44v16.3c0 6.4 2.5 12.5 7 17l99.7 99.7c9.4 9.4 24.6 9.4 33.9 0l28.3-28.3c9.4-9.4 9.4-24.6.1-34zM208 336c-70.7 0-128-57.2-128-128 0-70.7 57.2-128 128-128 70.7 0 128 57.2 128 128 0 70.7-57.2 128-128 128z"
                                  />
                                </svg>
                              </span>
                            </span>
                          </span>
                        </span>
                      </span>
                    </div>
                  </div>
                </div>
              </div>
              <div
                class="pf-v5-c-toolbar__item ins-c-primary-toolbar__pagination"
              >
                <div
                  class="pf-v5-c-pagination pf-m-compact"
                  data-ouia-component-id="CompactPagination"
                  data-ouia-component-type="PF5/Pagination"
                  data-ouia-safe="true"
                  id="options-menu-top-pagination"
                  style="--pf-v5-c-pagination__nav-page-select--c-form-control--width-chars: 2;"
                >
                  <div
                    class="pf-v5-c-pagination__total-items"
                  >
                    <b>
                      0
                       - 
                      0
                    </b>
                     
                    of
                     
                    <b>
                      0
                    </b>
                     
                  </div>
                  <div>
                    <button
                      aria-expanded="false"
                      aria-haspopup="listbox"
                      class="pf-v5-c-menu-toggle pf-m-plain pf-m-text"
                      id="options-menu-top-toggle"
                      type="button"
                    >
                      <span
                        class="pf-v5-c-menu-toggle__text"
                      >
                        <b>
                          0
                           - 
                          0
                        </b>
                         
                        of
                         
                        <b>
                          0
                        </b>
                         
                      </span>
                      <span
                        class="pf-v5-c-menu-toggle__controls"
                      >
                        <span
                          class="pf-v5-c-menu-toggle__toggle-icon"
                        >
                          <svg
                            aria-hidden="true"
                            class="pf-v5-svg"
                            fill="currentColor"
                            height="1em"
                            role="img"
                            viewBox="0 0 320 512"
                            width="1em"
                          >
                            <path
                              d="M31.3 192h257.3c17.8 0 26.7 21.5 14.1 34.1L174.1 354.8c-7.8 7.8-20.5 7.8-28.3 0L17.2 226.1C4.6 213.5 13.5 192 31.3 192z"
                            />
                          </svg>
                        </span>
                      </span>
                    </button>
                  </div>
                  <nav
                    aria-label="Pagination"
                    class="pf-v5-c-pagination__nav"
                  >
                    <div
                      class="pf-v5-c-pagination__nav-control"
                    >
                      <button
                        aria-disabled="true"
                        aria-label="Go to previous page"
                        class="pf-v5-c-button pf-m-plain pf-m-disabled"
                        data-action="previous"
                        data-ouia-component-id="OUIA-Generated-Button-plain-1"
                        data-ouia-component-type="PF5/Button"
                        data-ouia-safe="true"
                        disabled=""
                        type="button"
                      >
                        <svg
                          aria-hidden="true"
                          class="pf-v5-svg"
                          fill="currentColor"
                          height="1em"
                          role="img"
                          viewBox="0 0 256 512"
                          width="1em"
                        >
                          <path
                            d="M31.7 239l136-136c9.4-9.4 24.6-9.4 33.9 0l22.6 22.6c9.4 9.4 9.4 24.6 0 33.9L127.9 256l96.4 96.4c9.4 9.4 9.4 24.6 0 33.9L201.7 409c-9.4 9.4-24.6 9.4-33.9 0l-136-136c-9.5-9.4-9.5-24.6-.1-34z"
                          />
                        </svg>
                      </button>
                    </div>
                    <div
                      class="pf-v5-c-pagination__nav-control"
                    >
                      <button
                        aria-disabled="true"
                        aria-label="Go to next page"
                        class="pf-v5-c-button pf-m-plain pf-m-disabled"
                        data-action="next"
                        data-ouia-component-id="OUIA-Generated-Button-plain-2"
                        data-ouia-component-type="PF5/Button"
                        data-ouia-safe="true"
                        disabled=""
                        type="button"
                      >
                        <svg
                          aria-hidden="true"
                          class="pf-v5-svg"
                          fill="currentColor"
                          height="1em"
                          role="img"
                          viewBox="0 0 256 512"
                          width="1em"
                        >
                          <path
                            d="M224.3 273l-136 136c-9.4 9.4-24.6 9.4-33.9 0l-22.6-22.6c-9.4-9.4-9.4-24.6 0-33.9l96.4-96.4-96.4-96.4c-9.4-9.4-9.4-24.6 0-33.9L54.3 103c9.4-9.4 24.6-9.4 33.9 0l136 136c9.5 9.4 9.5 24.6.1 34z"
                          />
                        </svg>
                      </button>
                    </div>
                  </nav>
                </div>
              </div>
            </div>
          </div>
          <div
            class="pf-v5-c-toolbar__content pf-m-hidden"
            hidden=""
          >
            <div
              class="pf-v5-c-toolbar__group"
            />
          </div>
        </div>
        <table
          aria-label="groups table"
          class="pf-v5-c-table pf-m-grid-md"
          data-ouia-component-id="groups-table"
          data-ouia-component-type="PF5/Table"
          data-ouia-safe="true"
          role="grid"
        >
          <thead
            class="pf-v5-c-table__thead"
          >
            <tr
              class="pf-v5-c-table__tr"
              data-ouia-component-id="OUIA-Generated-TableRow-1"
              data-ouia-component-type="PF5/TableRow"
              data-ouia-safe="true"
            >
              <th
                aria-sort="ascending"
                class="pf-v5-c-table__th pf-v5-c-table__sort pf-m-selected"
                data-key="0"
                data-label="Name"
                scope="col"
                tabindex="-1"
              >
                <button
                  class="pf-v5-c-table__button"
                  type="button"
                >
                  <div
                    class="pf-v5-c-table__button-content"
                  >
                    <span
                      class="pf-v5-c-table__text"
                    >
                      Name
                    </span>
                    <span
                      class="pf-v5-c-table__sort-indicator"
                    >
                      <svg
                        aria-hidden="true"
                        class="pf-v5-svg"
                        fill="currentColor"
                        height="1em"
                        role="img"
                        viewBox="0 0 256 512"
                        width="1em"
                      >
                        <path
                          d="M88 166.059V468c0 6.627 5.373 12 12 12h56c6.627 0 12-5.373 12-12V166.059h46.059c21.382 0 32.09-25.851 16.971-40.971l-86.059-86.059c-9.373-9.373-24.569-9.373-33.941 0l-86.059 86.059c-15.119 15.119-4.411 40.971 16.971 40.971H88z"
                        />
                      </svg>
                    </span>
                  </div>
                </button>
              </th>
              <th
                class="pf-v5-c-table__th"
                data-key="1"
                data-label="Roles"
                scope="col"
                tabindex="-1"
              >
                Roles
              </th>
              <th
                class="pf-v5-c-table__th"
                data-key="2"
                data-label="Members"
                scope="col"
                tabindex="-1"
              >
                Members
              </th>
              <th
                aria-sort="none"
                class="pf-v5-c-table__th pf-v5-c-table__sort"
                data-key="3"
                data-label="Last modified"
                scope="col"
                tabindex="-1"
              >
                <button
                  class="pf-v5-c-table__button"
                  type="button"
                >
                  <div
                    class="pf-v5-c-table__button-content"
                  >
                    <span
                      class="pf-v5-c-table__text"
                    >
                      Last modified
                    </span>
                    <span
                      class="pf-v5-c-table__sort-indicator"
                    >
                      <svg
                        aria-hidden="true"
                        class="pf-v5-svg"
                        fill="currentColor"
                        height="1em"
                        role="img"
                        viewBox="0 0 256 512"
                        width="1em"
                      >
                        <path
                          d="M214.059 377.941H168V134.059h46.059c21.382 0 32.09-25.851 16.971-40.971L144.971 7.029c-9.373-9.373-24.568-9.373-33.941 0L24.971 93.088c-15.119 15.119-4.411 40.971 16.971 40.971H88v243.882H41.941c-21.382 0-32.09 25.851-16.971 40.971l86.059 86.059c9.373 9.373 24.568 9.373 33.941 0l86.059-86.059c15.12-15.119 4.412-40.971-16.97-40.971z"
                        />
                      </svg>
                    </span>
                  </div>
                </button>
              </th>
              <td
                class="pf-v5-c-table__th"
                data-key="4"
                data-label=""
                tabindex="-1"
              />
            </tr>
          </thead>
          <tbody
            class="pf-v5-c-table__tbody"
            role="rowgroup"
          >
            <tr
              class="pf-v5-c-table__tr rbac-c-group-default"
              data-ouia-component-id="OUIA-Generated-TableRow-2"
              data-ouia-component-type="PF5/TableRow"
              data-ouia-safe="true"
            >
              <td
                class="pf-v5-c-table__td"
                data-key="0"
                data-label="Name"
                tabindex="-1"
              >
                <div
                  class="pf-m-inline-flex"
                >
                  Custom default access
                  <span
                    id="default-group-popover"
                  >
                    <div
                      style="display: contents;"
                    >
                      <svg
                        aria-hidden="true"
                        class="pf-v5-svg pf-v5-c-question-circle-icon"
                        fill="currentColor"
                        height="1em"
                        role="img"
                        viewBox="0 0 512 512"
                        width="1em"
                      >
                        <path
                          d="M256 8C119.043 8 8 119.083 8 256c0 136.997 111.043 248 248 248s248-111.003 248-248C504 119.083 392.957 8 256 8zm0 448c-110.532 0-200-89.431-200-200 0-110.495 89.472-200 200-200 110.491 0 200 89.471 200 200 0 110.53-89.431 200-200 200zm107.244-255.2c0 67.052-72.421 68.084-72.421 92.863V300c0 6.627-5.373 12-12 12h-45.647c-6.627 0-12-5.373-12-12v-8.659c0-35.745 27.1-50.034 47.579-61.516 17.561-9.845 28.324-16.541 28.324-29.579 0-17.246-21.999-28.693-39.784-28.693-23.189 0-33.894 10.977-48.942 29.969-4.057 5.12-11.46 6.071-16.666 2.124l-27.824-21.098c-5.107-3.872-6.251-11.066-2.644-16.363C184.846 131.491 214.94 112 261.794 112c49.071 0 101.45 38.304 101.45 88.8zM298 368c0 23.159-18.841 42-42 42s-42-18.841-42-42 18.841-42 42-42 42 18.841 42 42z"
                        />
                      </svg>
                    </div>
                  </span>
                </div>
              </td>
              <td
                class="pf-v5-c-table__td"
                data-key="1"
                data-label="Roles"
                tabindex="-1"
              >
                6
              </td>
              <td
                class="pf-v5-c-table__td"
                data-key="2"
                data-label="Members"
                tabindex="-1"
              >
                All
              </td>
              <td
                class="pf-v5-c-table__td"
                data-key="3"
                data-label="Last modified"
                tabindex="-1"
              >
                06 Feb 2020
              </td>
              <td
                class="pf-v5-c-table__td pf-v5-c-table__action"
                data-key="4"
                style="padding-right: 0px;"
                tabindex="-1"
              />
            </tr>
          </tbody>
        </table>
        <div
          class="pf-v5-c-toolbar ins-c-table__toolbar"
          data-ouia-component-id="OUIA-Generated-RHI/TableToolbar-true-1"
          data-ouia-component-type="RHI/TableToolbar"
          data-ouia-safe="true"
          id="pf-random-id-0"
        >
          <div
            class="pf-v5-c-pagination pf-m-bottom"
            data-ouia-component-id="OUIA-Generated-Pagination-bottom-1"
            data-ouia-component-type="PF5/Pagination"
            data-ouia-safe="true"
            id="options-menu-bottom-pagination"
            style="--pf-v5-c-pagination__nav-page-select--c-form-control--width-chars: 2;"
          >
            <div>
              <button
                aria-expanded="false"
                aria-haspopup="listbox"
                class="pf-v5-c-menu-toggle pf-m-plain pf-m-text"
                id="options-menu-bottom-toggle"
                type="button"
              >
                <span
                  class="pf-v5-c-menu-toggle__text"
                >
                  <b>
                    0
                     - 
                    0
                  </b>
                   
                  of
                   
                  <b>
                    0
                  </b>
                   
                </span>
                <span
                  class="pf-v5-c-menu-toggle__controls"
                >
                  <span
                    class="pf-v5-c-menu-toggle__toggle-icon"
                  >
                    <svg
                      aria-hidden="true"
                      class="pf-v5-svg"
                      fill="currentColor"
                      height="1em"
                      role="img"
                      viewBox="0 0 320 512"
                      width="1em"
                    >
                      <path
                        d="M31.3 192h257.3c17.8 0 26.7 21.5 14.1 34.1L174.1 354.8c-7.8 7.8-20.5 7.8-28.3 0L17.2 226.1C4.6 213.5 13.5 192 31.3 192z"
                      />
                    </svg>
                  </span>
                </span>
              </button>
            </div>
            <nav
              aria-label="Pagination"
              class="pf-v5-c-pagination__nav"
            >
              <div
                class="pf-v5-c-pagination__nav-control pf-m-first"
              >
                <button
                  aria-disabled="true"
                  aria-label="Go to first page"
                  class="pf-v5-c-button pf-m-plain pf-m-disabled"
                  data-action="first"
                  data-ouia-component-id="OUIA-Generated-Button-plain-3"
                  data-ouia-component-type="PF5/Button"
                  data-ouia-safe="true"
                  disabled=""
                  type="button"
                >
                  <svg
                    aria-hidden="true"
                    class="pf-v5-svg"
                    fill="currentColor"
                    height="1em"
                    role="img"
                    viewBox="0 0 448 512"
                    width="1em"
                  >
                    <path
                      d="M223.7 239l136-136c9.4-9.4 24.6-9.4 33.9 0l22.6 22.6c9.4 9.4 9.4 24.6 0 33.9L319.9 256l96.4 96.4c9.4 9.4 9.4 24.6 0 33.9L393.7 409c-9.4 9.4-24.6 9.4-33.9 0l-136-136c-9.5-9.4-9.5-24.6-.1-34zm-192 34l136 136c9.4 9.4 24.6 9.4 33.9 0l22.6-22.6c9.4-9.4 9.4-24.6 0-33.9L127.9 256l96.4-96.4c9.4-9.4 9.4-24.6 0-33.9L201.7 103c-9.4-9.4-24.6-9.4-33.9 0l-136 136c-9.5 9.4-9.5 24.6-.1 34z"
                    />
                  </svg>
                </button>
              </div>
              <div
                class="pf-v5-c-pagination__nav-control"
              >
                <button
                  aria-disabled="true"
                  aria-label="Go to previous page"
                  class="pf-v5-c-button pf-m-plain pf-m-disabled"
                  data-action="previous"
                  data-ouia-component-id="OUIA-Generated-Button-plain-4"
                  data-ouia-component-type="PF5/Button"
                  data-ouia-safe="true"
                  disabled=""
                  type="button"
                >
                  <svg
                    aria-hidden="true"
                    class="pf-v5-svg"
                    fill="currentColor"
                    height="1em"
                    role="img"
                    viewBox="0 0 256 512"
                    width="1em"
                  >
                    <path
                      d="M31.7 239l136-136c9.4-9.4 24.6-9.4 33.9 0l22.6 22.6c9.4 9.4 9.4 24.6 0 33.9L127.9 256l96.4 96.4c9.4 9.4 9.4 24.6 0 33.9L201.7 409c-9.4 9.4-24.6 9.4-33.9 0l-136-136c-9.5-9.4-9.5-24.6-.1-34z"
                    />
                  </svg>
                </button>
              </div>
              <div
                class="pf-v5-c-pagination__nav-page-select"
              >
                <span
                  class="pf-v5-c-form-control pf-m-disabled"
                >
                  <input
                    aria-invalid="false"
                    aria-label="Current page"
                    data-ouia-component-id="OUIA-Generated-TextInputBase-2"
                    data-ouia-component-type="PF5/TextInput"
                    data-ouia-safe="true"
                    disabled=""
                    max="0"
                    min="1"
                    type="number"
                    value="0"
                  />
                </span>
                <span
                  aria-hidden="true"
                >
                  of
                   
                  0
                </span>
              </div>
              <div
                class="pf-v5-c-pagination__nav-control"
              >
                <button
                  aria-disabled="true"
                  aria-label="Go to next page"
                  class="pf-v5-c-button pf-m-plain pf-m-disabled"
                  data-action="next"
                  data-ouia-component-id="OUIA-Generated-Button-plain-5"
                  data-ouia-component-type="PF5/Button"
                  data-ouia-safe="true"
                  disabled=""
                  type="button"
                >
                  <svg
                    aria-hidden="true"
                    class="pf-v5-svg"
                    fill="currentColor"
                    height="1em"
                    role="img"
                    viewBox="0 0 256 512"
                    width="1em"
                  >
                    <path
                      d="M224.3 273l-136 136c-9.4 9.4-24.6 9.4-33.9 0l-22.6-22.6c-9.4-9.4-9.4-24.6 0-33.9l96.4-96.4-96.4-96.4c-9.4-9.4-9.4-24.6 0-33.9L54.3 103c9.4-9.4 24.6-9.4 33.9 0l136 136c9.5 9.4 9.5 24.6.1 34z"
                    />
                  </svg>
                </button>
              </div>
              <div
                class="pf-v5-c-pagination__nav-control pf-m-last"
              >
                <button
                  aria-disabled="true"
                  aria-label="Go to last page"
                  class="pf-v5-c-button pf-m-plain pf-m-disabled"
                  data-action="last"
                  data-ouia-component-id="OUIA-Generated-Button-plain-6"
                  data-ouia-component-type="PF5/Button"
                  data-ouia-safe="true"
                  disabled=""
                  type="button"
                >
                  <svg
                    aria-hidden="true"
                    class="pf-v5-svg"
                    fill="currentColor"
                    height="1em"
                    role="img"
                    viewBox="0 0 448 512"
                    width="1em"
                  >
                    <path
                      d="M224.3 273l-136 136c-9.4 9.4-24.6 9.4-33.9 0l-22.6-22.6c-9.4-9.4-9.4-24.6 0-33.9l96.4-96.4-96.4-96.4c-9.4-9.4-9.4-24.6 0-33.9L54.3 103c9.4-9.4 24.6-9.4 33.9 0l136 136c9.5 9.4 9.5 24.6.1 34zm192-34l-136-136c-9.4-9.4-24.6-9.4-33.9 0l-22.6 22.6c-9.4 9.4-9.4 24.6 0 33.9l96.4 96.4-96.4 96.4c-9.4 9.4-9.4 24.6 0 33.9l22.6 22.6c9.4 9.4 24.6 9.4 33.9 0l136-136c9.4-9.2 9.4-24.4 0-33.8z"
                    />
                  </svg>
                </button>
              </div>
            </nav>
          </div>
          <div
            class="pf-v5-c-toolbar__content pf-m-hidden"
            hidden=""
          >
            <div
              class="pf-v5-c-toolbar__group"
            />
          </div>
        </div>
         
      </section>
    </div>
  </div>
</div>
`;
