// Jest Snapshot v1, https://goo.gl/fbAQLP

exports[`<GroupRoles /> should render empty correctly 1`] = `
<div>
  <section
    class="ins-l-content"
    id="tab-roles"
  >
     
    <div
      class="pf-v5-c-toolbar  ins-c-primary-toolbar"
      data-ouia-component-id="PrimaryToolbar"
      data-ouia-component-type="PF5/Toolbar"
      data-ouia-safe="true"
      id="ins-primary-data-toolbar"
    >
      <div
        class="pf-v5-c-toolbar__content"
      >
        <div
          class="pf-v5-c-toolbar__content-section"
        >
          <div
            class="pf-v5-c-toolbar__group pf-m-filter-group ins-c-primary-toolbar__group-filter pf-m-spacer-md pf-m-space-items-lg"
          >
            <div
              class="pf-v5-c-toolbar__item ins-c-primary-toolbar__filter"
            >
              <div
                class="pf-v5-l-split ins-c-conditional-filter"
              >
                <div
                  class="pf-v5-l-split__item"
                >
                  <button
                    aria-expanded="false"
                    aria-label="Conditional filter"
                    class="pf-v5-c-menu-toggle ins-c-conditional-filter__group"
                    type="button"
                  >
                    <span
                      class="pf-v5-c-menu-toggle__text"
                    >
                      <span
                        class="pf-v5-c-icon pf-m-md"
                      >
                        <span
                          class="pf-v5-c-icon__content"
                        >
                          <svg
                            aria-hidden="true"
                            class="pf-v5-svg"
                            fill="currentColor"
                            height="1em"
                            role="img"
                            viewBox="0 0 512 512"
                            width="1em"
                          >
                            <path
                              d="M487.976 0H24.028C2.71 0-8.047 25.866 7.058 40.971L192 225.941V432c0 7.831 3.821 15.17 10.237 19.662l80 55.98C298.02 518.69 320 507.493 320 487.98V225.941l184.947-184.97C520.021 25.896 509.338 0 487.976 0z"
                            />
                          </svg>
                        </span>
                      </span>
                      <span
                        class="ins-c-conditional-filter__value-selector"
                      >
                        Name
                      </span>
                    </span>
                    <span
                      class="pf-v5-c-menu-toggle__controls"
                    >
                      <span
                        class="pf-v5-c-menu-toggle__toggle-icon"
                      >
                        <svg
                          aria-hidden="true"
                          class="pf-v5-svg"
                          fill="currentColor"
                          height="1em"
                          role="img"
                          viewBox="0 0 320 512"
                          width="1em"
                        >
                          <path
                            d="M31.3 192h257.3c17.8 0 26.7 21.5 14.1 34.1L174.1 354.8c-7.8 7.8-20.5 7.8-28.3 0L17.2 226.1C4.6 213.5 13.5 192 31.3 192z"
                          />
                        </svg>
                      </span>
                    </span>
                  </button>
                </div>
                <div
                  class="pf-v5-l-split__item pf-m-fill"
                >
                  <span
                    class="pf-v5-c-form-control pf-m-disabled pf-m-icon ins-c-conditional-filter"
                  >
                    <input
                      aria-invalid="false"
                      aria-label="text input"
                      data-ouia-component-id="ConditionalFilter"
                      data-ouia-component-type="PF5/TextInput"
                      data-ouia-safe="true"
                      disabled=""
                      id="filter-by-name"
                      placeholder="Filter by {key}"
                      type="text"
                      value=""
                      widget-type="InsightsInput"
                    />
                    <span
                      class="pf-v5-c-form-control__utilities"
                    >
                      <span
                        class="pf-v5-c-form-control__icon"
                      >
                        <span
                          class="pf-v5-c-icon pf-m-md ins-c-search-icon"
                        >
                          <span
                            class="pf-v5-c-icon__content"
                          >
                            <svg
                              aria-hidden="true"
                              class="pf-v5-svg"
                              fill="currentColor"
                              height="1em"
                              role="img"
                              viewBox="0 0 512 512"
                              width="1em"
                            >
                              <path
                                d="M505 442.7L405.3 343c-4.5-4.5-10.6-7-17-7H372c27.6-35.3 44-79.7 44-128C416 93.1 322.9 0 208 0S0 93.1 0 208s93.1 208 208 208c48.3 0 92.7-16.4 128-44v16.3c0 6.4 2.5 12.5 7 17l99.7 99.7c9.4 9.4 24.6 9.4 33.9 0l28.3-28.3c9.4-9.4 9.4-24.6.1-34zM208 336c-70.7 0-128-57.2-128-128 0-70.7 57.2-128 128-128 70.7 0 128 57.2 128 128 0 70.7-57.2 128-128 128z"
                              />
                            </svg>
                          </span>
                        </span>
                      </span>
                    </span>
                  </span>
                </div>
              </div>
            </div>
          </div>
        </div>
      </div>
      <div
        class="pf-v5-c-toolbar__content pf-m-hidden"
        hidden=""
      >
        <div
          class="pf-v5-c-toolbar__group"
        />
      </div>
    </div>
    <ul
      aria-label="datalist-placeholder"
      class="pf-v5-c-data-list pf-m-grid-md"
      role="list"
    >
      <li
        aria-labelledby="datalist-item-placeholder"
        class="pf-v5-c-data-list__item"
        id=""
      >
        <div
          aria-label="datalist-item-placeholder-row"
          class="pf-v5-c-data-list__item-row"
        >
          <div
            class="pf-v5-c-data-list__item-content"
          >
            <div
              class="pf-v5-c-data-list__cell"
            >
              <div
                class="pf-v5-c-skeleton ins-c-skeleton ins-c-skeleton__lg"
              >
                <span
                  class="pf-v5-screen-reader"
                />
              </div>
            </div>
          </div>
        </div>
      </li>
      <li
        aria-labelledby="datalist-item-placeholder"
        class="pf-v5-c-data-list__item"
        id=""
      >
        <div
          aria-label="datalist-item-placeholder-row"
          class="pf-v5-c-data-list__item-row"
        >
          <div
            class="pf-v5-c-data-list__item-content"
          >
            <div
              class="pf-v5-c-data-list__cell"
            >
              <div
                class="pf-v5-c-skeleton ins-c-skeleton ins-c-skeleton__lg"
              >
                <span
                  class="pf-v5-screen-reader"
                />
              </div>
            </div>
          </div>
        </div>
      </li>
      <li
        aria-labelledby="datalist-item-placeholder"
        class="pf-v5-c-data-list__item"
        id=""
      >
        <div
          aria-label="datalist-item-placeholder-row"
          class="pf-v5-c-data-list__item-row"
        >
          <div
            class="pf-v5-c-data-list__item-content"
          >
            <div
              class="pf-v5-c-data-list__cell"
            >
              <div
                class="pf-v5-c-skeleton ins-c-skeleton ins-c-skeleton__lg"
              >
                <span
                  class="pf-v5-screen-reader"
                />
              </div>
            </div>
          </div>
        </div>
      </li>
      <li
        aria-labelledby="datalist-item-placeholder"
        class="pf-v5-c-data-list__item"
        id=""
      >
        <div
          aria-label="datalist-item-placeholder-row"
          class="pf-v5-c-data-list__item-row"
        >
          <div
            class="pf-v5-c-data-list__item-content"
          >
            <div
              class="pf-v5-c-data-list__cell"
            >
              <div
                class="pf-v5-c-skeleton ins-c-skeleton ins-c-skeleton__lg"
              >
                <span
                  class="pf-v5-screen-reader"
                />
              </div>
            </div>
          </div>
        </div>
      </li>
      <li
        aria-labelledby="datalist-item-placeholder"
        class="pf-v5-c-data-list__item"
        id=""
      >
        <div
          aria-label="datalist-item-placeholder-row"
          class="pf-v5-c-data-list__item-row"
        >
          <div
            class="pf-v5-c-data-list__item-content"
          >
            <div
              class="pf-v5-c-data-list__cell"
            >
              <div
                class="pf-v5-c-skeleton ins-c-skeleton ins-c-skeleton__lg"
              >
                <span
                  class="pf-v5-screen-reader"
                />
              </div>
            </div>
          </div>
        </div>
      </li>
      <li
        aria-labelledby="datalist-item-placeholder"
        class="pf-v5-c-data-list__item"
        id=""
      >
        <div
          aria-label="datalist-item-placeholder-row"
          class="pf-v5-c-data-list__item-row"
        >
          <div
            class="pf-v5-c-data-list__item-content"
          >
            <div
              class="pf-v5-c-data-list__cell"
            >
              <div
                class="pf-v5-c-skeleton ins-c-skeleton ins-c-skeleton__lg"
              >
                <span
                  class="pf-v5-screen-reader"
                />
              </div>
            </div>
          </div>
        </div>
      </li>
      <li
        aria-labelledby="datalist-item-placeholder"
        class="pf-v5-c-data-list__item"
        id=""
      >
        <div
          aria-label="datalist-item-placeholder-row"
          class="pf-v5-c-data-list__item-row"
        >
          <div
            class="pf-v5-c-data-list__item-content"
          >
            <div
              class="pf-v5-c-data-list__cell"
            >
              <div
                class="pf-v5-c-skeleton ins-c-skeleton ins-c-skeleton__lg"
              >
                <span
                  class="pf-v5-screen-reader"
                />
              </div>
            </div>
          </div>
        </div>
      </li>
      <li
        aria-labelledby="datalist-item-placeholder"
        class="pf-v5-c-data-list__item"
        id=""
      >
        <div
          aria-label="datalist-item-placeholder-row"
          class="pf-v5-c-data-list__item-row"
        >
          <div
            class="pf-v5-c-data-list__item-content"
          >
            <div
              class="pf-v5-c-data-list__cell"
            >
              <div
                class="pf-v5-c-skeleton ins-c-skeleton ins-c-skeleton__lg"
              >
                <span
                  class="pf-v5-screen-reader"
                />
              </div>
            </div>
          </div>
        </div>
      </li>
      <li
        aria-labelledby="datalist-item-placeholder"
        class="pf-v5-c-data-list__item"
        id=""
      >
        <div
          aria-label="datalist-item-placeholder-row"
          class="pf-v5-c-data-list__item-row"
        >
          <div
            class="pf-v5-c-data-list__item-content"
          >
            <div
              class="pf-v5-c-data-list__cell"
            >
              <div
                class="pf-v5-c-skeleton ins-c-skeleton ins-c-skeleton__lg"
              >
                <span
                  class="pf-v5-screen-reader"
                />
              </div>
            </div>
          </div>
        </div>
      </li>
      <li
        aria-labelledby="datalist-item-placeholder"
        class="pf-v5-c-data-list__item"
        id=""
      >
        <div
          aria-label="datalist-item-placeholder-row"
          class="pf-v5-c-data-list__item-row"
        >
          <div
            class="pf-v5-c-data-list__item-content"
          >
            <div
              class="pf-v5-c-data-list__cell"
            >
              <div
                class="pf-v5-c-skeleton ins-c-skeleton ins-c-skeleton__lg"
              >
                <span
                  class="pf-v5-screen-reader"
                />
              </div>
            </div>
          </div>
        </div>
      </li>
      <li
        aria-labelledby="datalist-item-placeholder"
        class="pf-v5-c-data-list__item"
        id=""
      >
        <div
          aria-label="datalist-item-placeholder-row"
          class="pf-v5-c-data-list__item-row"
        >
          <div
            class="pf-v5-c-data-list__item-content"
          >
            <div
              class="pf-v5-c-data-list__cell"
            >
              <div
                class="pf-v5-c-skeleton ins-c-skeleton ins-c-skeleton__lg"
              >
                <span
                  class="pf-v5-screen-reader"
                />
              </div>
            </div>
          </div>
        </div>
      </li>
      <li
        aria-labelledby="datalist-item-placeholder"
        class="pf-v5-c-data-list__item"
        id=""
      >
        <div
          aria-label="datalist-item-placeholder-row"
          class="pf-v5-c-data-list__item-row"
        >
          <div
            class="pf-v5-c-data-list__item-content"
          >
            <div
              class="pf-v5-c-data-list__cell"
            >
              <div
                class="pf-v5-c-skeleton ins-c-skeleton ins-c-skeleton__lg"
              >
                <span
                  class="pf-v5-screen-reader"
                />
              </div>
            </div>
          </div>
        </div>
      </li>
      <li
        aria-labelledby="datalist-item-placeholder"
        class="pf-v5-c-data-list__item"
        id=""
      >
        <div
          aria-label="datalist-item-placeholder-row"
          class="pf-v5-c-data-list__item-row"
        >
          <div
            class="pf-v5-c-data-list__item-content"
          >
            <div
              class="pf-v5-c-data-list__cell"
            >
              <div
                class="pf-v5-c-skeleton ins-c-skeleton ins-c-skeleton__lg"
              >
                <span
                  class="pf-v5-screen-reader"
                />
              </div>
            </div>
          </div>
        </div>
      </li>
      <li
        aria-labelledby="datalist-item-placeholder"
        class="pf-v5-c-data-list__item"
        id=""
      >
        <div
          aria-label="datalist-item-placeholder-row"
          class="pf-v5-c-data-list__item-row"
        >
          <div
            class="pf-v5-c-data-list__item-content"
          >
            <div
              class="pf-v5-c-data-list__cell"
            >
              <div
                class="pf-v5-c-skeleton ins-c-skeleton ins-c-skeleton__lg"
              >
                <span
                  class="pf-v5-screen-reader"
                />
              </div>
            </div>
          </div>
        </div>
      </li>
      <li
        aria-labelledby="datalist-item-placeholder"
        class="pf-v5-c-data-list__item"
        id=""
      >
        <div
          aria-label="datalist-item-placeholder-row"
          class="pf-v5-c-data-list__item-row"
        >
          <div
            class="pf-v5-c-data-list__item-content"
          >
            <div
              class="pf-v5-c-data-list__cell"
            >
              <div
                class="pf-v5-c-skeleton ins-c-skeleton ins-c-skeleton__lg"
              >
                <span
                  class="pf-v5-screen-reader"
                />
              </div>
            </div>
          </div>
        </div>
      </li>
      <li
        aria-labelledby="datalist-item-placeholder"
        class="pf-v5-c-data-list__item"
        id=""
      >
        <div
          aria-label="datalist-item-placeholder-row"
          class="pf-v5-c-data-list__item-row"
        >
          <div
            class="pf-v5-c-data-list__item-content"
          >
            <div
              class="pf-v5-c-data-list__cell"
            >
              <div
                class="pf-v5-c-skeleton ins-c-skeleton ins-c-skeleton__lg"
              >
                <span
                  class="pf-v5-screen-reader"
                />
              </div>
            </div>
          </div>
        </div>
      </li>
      <li
        aria-labelledby="datalist-item-placeholder"
        class="pf-v5-c-data-list__item"
        id=""
      >
        <div
          aria-label="datalist-item-placeholder-row"
          class="pf-v5-c-data-list__item-row"
        >
          <div
            class="pf-v5-c-data-list__item-content"
          >
            <div
              class="pf-v5-c-data-list__cell"
            >
              <div
                class="pf-v5-c-skeleton ins-c-skeleton ins-c-skeleton__lg"
              >
                <span
                  class="pf-v5-screen-reader"
                />
              </div>
            </div>
          </div>
        </div>
      </li>
      <li
        aria-labelledby="datalist-item-placeholder"
        class="pf-v5-c-data-list__item"
        id=""
      >
        <div
          aria-label="datalist-item-placeholder-row"
          class="pf-v5-c-data-list__item-row"
        >
          <div
            class="pf-v5-c-data-list__item-content"
          >
            <div
              class="pf-v5-c-data-list__cell"
            >
              <div
                class="pf-v5-c-skeleton ins-c-skeleton ins-c-skeleton__lg"
              >
                <span
                  class="pf-v5-screen-reader"
                />
              </div>
            </div>
          </div>
        </div>
      </li>
      <li
        aria-labelledby="datalist-item-placeholder"
        class="pf-v5-c-data-list__item"
        id=""
      >
        <div
          aria-label="datalist-item-placeholder-row"
          class="pf-v5-c-data-list__item-row"
        >
          <div
            class="pf-v5-c-data-list__item-content"
          >
            <div
              class="pf-v5-c-data-list__cell"
            >
              <div
                class="pf-v5-c-skeleton ins-c-skeleton ins-c-skeleton__lg"
              >
                <span
                  class="pf-v5-screen-reader"
                />
              </div>
            </div>
          </div>
        </div>
      </li>
      <li
        aria-labelledby="datalist-item-placeholder"
        class="pf-v5-c-data-list__item"
        id=""
      >
        <div
          aria-label="datalist-item-placeholder-row"
          class="pf-v5-c-data-list__item-row"
        >
          <div
            class="pf-v5-c-data-list__item-content"
          >
            <div
              class="pf-v5-c-data-list__cell"
            >
              <div
                class="pf-v5-c-skeleton ins-c-skeleton ins-c-skeleton__lg"
              >
                <span
                  class="pf-v5-screen-reader"
                />
              </div>
            </div>
          </div>
        </div>
      </li>
    </ul>
    <div
      class="pf-v5-c-toolbar ins-c-table__toolbar"
      data-ouia-component-id="OUIA-Generated-RHI/TableToolbar-true-1"
      data-ouia-component-type="RHI/TableToolbar"
      data-ouia-safe="true"
      id="pf-random-id-0"
    >
      <div
        class="pf-v5-c-toolbar__content pf-m-hidden"
        hidden=""
      >
        <div
          class="pf-v5-c-toolbar__group"
        />
      </div>
    </div>
     
  </section>
</div>
`;
