// Jest Snapshot v1, https://goo.gl/fbAQLP

exports[`<AddGroupWizard /> should render correctly 1`] = `
<div>
  <form
    class="pf-v5-c-form"
    novalidate=""
  />
</div>
`;
